zdf.de
ard.de
akamaihd.net
zdf-cdn.live.cellular.de
zdfvod.akamaized.net
zdfvod-rwrtr.akamaized.net
zdfvod-pckgr.akamaized.net
zdf-hls-15.akamaized.net
zdf-hls-16.akamaized.net
zdf-hls-17.akamaized.net
zdf-hls-18.akamaized.net
zdf-hls-19.akamaized.net
tvdlzdf-a.akamaihd.net
nrodlzdf-a.akamaihd.net
#akamaized.net
#akamaihd.net
mcdn.daserste.de
daserste-live.ard-mcdn.de
mcdn.one.ard.de
mcdn-one.ard.de
mcdn.br.de
mcdn.ndr.de
mcdn.wdr.de
tagesschau.akamaized.net
brvod-rwrtr.akamaized.net
swrvod-rwrtr.akamaized.net
wdrmedien-a.akamaihd.net
avdlswr-a.akamaihd.net
ardmediathek.de
www.ardmediathek.de
api.ardmediathek.de
daserste-live.ard-mcdn.de
mcdn.daserste.de
mcdn.one.ard.de
mcdn-one.ard.de
mcdn.br.de
mcdn.ndr.de
mcdn.wdr.de
tagesschau.akamaized.net
ardevent2.akamaized.net
hrhls.akamaized.net
srfs.akamaized.net
swrbwd-hls.akamaized.net
swrrpd-hls.akamaized.net
wdrfs247.akamaized.net
wdrlokalzeit.akamaized.net
mdrtvsnhls.akamaized.net
mdrtvthhls.akamaized.net
mdrtvsahls.akamaized.net
rbb-hls-berlin.akamaized.net
rbb-hls-brandenburg.akamaized.net
arteliveext.akamaized.net
ard.de.edgekey.net
